<?xml version='1.0' encoding='UTF-8'?>
<caom2:Observation xmlns:caom2="http://www.opencadc.org/caom2/xml/v2.4" xmlns:xsi="http://www.w3.org/2001/XMLSchema-instance" xsi:type="caom2:SimpleObservation" caom2:id="c76d68b0-a2fa-4548-a461-b2de130a5f70" caom2:metaProducer="wallaby2caom2/0.1.0">
  <caom2:collection>WALLABY</caom2:collection>
  <caom2:observationID>WALLABY_J100342-270137</caom2:observationID>
  <caom2:metaRelease>2023-01-01T00:00:00.000</caom2:metaRelease>
  <caom2:algorithm>
    <caom2:name>exposure</caom2:name>
  </caom2:algorithm>
  <caom2:type>OBJECT</caom2:type>
  <caom2:intent>science</caom2:intent>
  <caom2:proposal>
    <caom2:id>WALLABY_J100342-270137_AverageModelCube_v2.fits</caom2:id>
    <caom2:project>ALLABY</caom2:project>
    <caom2:title>WALLABY</caom2:title>
  </caom2:proposal>
  <caom2:target>
    <caom2:name>TestCube</caom2:name>
  </caom2:target>
  <caom2:instrument>
    <caom2:name>AKSAP</caom2:name>
  </caom2:instrument>
  <caom2:planes>
    <caom2:plane caom2:id="c76d68b0-a2fa-4548-a461-b2de130a5f71">
      <caom2:productID>AverageModelCube</caom2:productID>
      <caom2:metaRelease>2023-01-01T00:00:00.000</caom2:metaRelease>
      <caom2:dataRelease>2023-01-01T00:00:00.000</caom2:dataRelease>
      <caom2:dataProductType>cube</caom2:dataProductType>
      <caom2:calibrationLevel>2</caom2:calibrationLevel>
      <caom2:provenance>
        <caom2:name>MockCubeGenerator</caom2:name>
        <caom2:project>WALLABY</caom2:project>
        <caom2:producer>CSIRO</caom2:producer>
      </caom2:provenance>
      <caom2:artifacts>
        <caom2:artifact caom2:id="c76d68b0-a2fa-4548-a461-b2de130a5f72">
          <caom2:uri>cadc:WALLABY/WALLABY_J100342-270137_AverageModelCube_v2.fits</caom2:uri>
          <caom2:productType>science</caom2:productType>
          <caom2:releaseType>data</caom2:releaseType>
          <caom2:contentChecksum>md5:ae2a33238c5051611133e7090560fd8a</caom2:contentChecksum>
          <caom2:parts>
            <caom2:part caom2:id="34519a52-3f02-4b2a-9777-55ef9027944b">
              <caom2:name>0</caom2:name>
              <caom2:chunks>
                <caom2:chunk caom2:id="f937f2b3-1510-4c3b-b88e-2d0c94475ba7" caom2:metaProducer="wallaby2caom2/0.1.0">
                  <caom2:naxis>3</caom2:naxis>
                  <caom2:positionAxis1>1</caom2:positionAxis1>
                  <caom2:positionAxis2>2</caom2:positionAxis2>
                  <caom2:energyAxis>3</caom2:energyAxis>
                  <caom2:position>
                    <caom2:axis>
                      <caom2:axis1>
                        <caom2:ctype>RA---SIN</caom2:ctype>
                        <caom2:cunit>deg</caom2:cunit>
                      </caom2:axis1>
                      <caom2:axis2>
                        <caom2:ctype>DEC--SIN</caom2:ctype>
                        <caom2:cunit>deg</caom2:cunit>
                      </caom2:axis2>
                      <caom2:function>
                        <caom2:dimension>
                          <caom2:naxis1>94</caom2:naxis1>
                          <caom2:naxis2>81</caom2:naxis2>
                        </caom2:dimension>
                        <caom2:refCoord>
                          <caom2:coord1>
                            <caom2:pix>1.0</caom2:pix>
                            <caom2:val>151.014328</caom2:val>
                          </caom2:coord1>
                          <caom2:coord2>
                            <caom2:pix>1.0</caom2:pix>
                            <caom2:val>-27.0884037</caom2:val>
                          </caom2:coord2>
                        </caom2:refCoord>
                        <caom2:cd11>-0.00166666671</caom2:cd11>
                        <caom2:cd12>0.0</caom2:cd12>
                        <caom2:cd21>0.0</caom2:cd21>
                        <caom2:cd22>0.00166666671</caom2:cd22>
                      </caom2:function>
                    </caom2:axis>
                    <caom2:coordsys>FK5</caom2:coordsys>
                    <caom2:equinox>2000.0</caom2:equinox>
                    <caom2:resolution>30.087508700689735</caom2:resolution>
                  </caom2:position>
                  <caom2:energy>
                    <caom2:axis>
                      <caom2:axis>
                        <caom2:ctype>VOPT</caom2:ctype>
                        <caom2:cunit>m / s</caom2:cunit>
                      </caom2:axis>
                      <caom2:function>
                        <caom2:naxis>28</caom2:naxis>
                        <caom2:delta>-11800.3955</caom2:delta>
                        <caom2:refCoord>
                          <caom2:pix>14.0</caom2:pix>
                          <caom2:val>956375.438</caom2:val>
                        </caom2:refCoord>
                      </caom2:function>
                    </caom2:axis>
                    <caom2:specsys>BARYCENT</caom2:specsys>
                    <caom2:restfrq>1420405760.0</caom2:restfrq>
                    <caom2:bandpassName>S-band</caom2:bandpassName>
                  </caom2:energy>
                </caom2:chunk>
              </caom2:chunks>
            </caom2:part>
          </caom2:parts>
        </caom2:artifact>
      </caom2:artifacts>
    </caom2:plane>
  </caom2:planes>
</caom2:Observation>
